// Jest Snapshot v1, https://goo.gl/fbAQLP

exports[`Schedule snapshot renders correctly 1`] = `
Array [
  <div
    className="makeStyles-wrapper-5"
  >
    <div
      className="MuiGrid-root MuiGrid-container MuiGrid-spacing-xs-2"
    >
      <div
        className="MuiGrid-root MuiGrid-item MuiGrid-grid-xs-8"
      >
        <div
          className="MuiFormControl-root MuiTextField-root"
          format="hh:mm a"
          onClick={[Function]}
          onKeyDown={[Function]}
        >
          <label
            className="MuiFormLabel-root MuiInputLabel-root MuiInputLabel-formControl MuiInputLabel-animated MuiInputLabel-shrink MuiInputLabel-outlined MuiFormLabel-filled"
            data-shrink={true}
          >
            From
          </label>
          <div
            className="MuiInputBase-root MuiOutlinedInput-root MuiInputBase-formControl"
            onClick={[Function]}
          >
            <input
              aria-invalid={false}
              autoFocus={false}
              className="MuiInputBase-input MuiOutlinedInput-input"
              disabled={false}
              onAnimationStart={[Function]}
              onBlur={[Function]}
              onChange={[Function]}
              onFocus={[Function]}
              readOnly={true}
              required={false}
              type="text"
              value="02:00 PM"
            />
            <fieldset
              aria-hidden={true}
              className="PrivateNotchedOutline-root-175 MuiOutlinedInput-notchedOutline"
              style={
                Object {
                  "paddingLeft": 8,
                }
              }
            >
              <legend
                className="PrivateNotchedOutline-legend-176"
                style={
                  Object {
                    "width": 0,
                  }
                }
              >
                <span
                  dangerouslySetInnerHTML={
                    Object {
                      "__html": "&#8203;",
                    }
                  }
                />
              </legend>
            </fieldset>
          </div>
          
        </div>
      </div>
      <div
        className="MuiGrid-root MuiGrid-item MuiGrid-grid-xs-8"
      >
        <div
          className="MuiFormControl-root MuiTextField-root"
          format="hh:mm a"
          onClick={[Function]}
          onKeyDown={[Function]}
        >
          <label
            className="MuiFormLabel-root MuiInputLabel-root MuiInputLabel-formControl MuiInputLabel-animated MuiInputLabel-shrink MuiInputLabel-outlined MuiFormLabel-filled"
            data-shrink={true}
          >
            To
          </label>
          <div
            className="MuiInputBase-root MuiOutlinedInput-root MuiInputBase-formControl"
            onClick={[Function]}
          >
            <input
              aria-invalid={false}
              autoFocus={false}
              className="MuiInputBase-input MuiOutlinedInput-input"
              disabled={false}
              onAnimationStart={[Function]}
              onBlur={[Function]}
              onChange={[Function]}
              onFocus={[Function]}
              readOnly={true}
              required={false}
              type="text"
              value="04:00 PM"
            />
            <fieldset
              aria-hidden={true}
              className="PrivateNotchedOutline-root-175 MuiOutlinedInput-notchedOutline"
              style={
                Object {
                  "paddingLeft": 8,
                }
              }
            >
              <legend
                className="PrivateNotchedOutline-legend-176"
                style={
                  Object {
                    "width": 0,
                  }
                }
              >
                <span
                  dangerouslySetInnerHTML={
                    Object {
                      "__html": "&#8203;",
                    }
                  }
                />
              </legend>
            </fieldset>
          </div>
          
        </div>
      </div>
      <div
        className="MuiGrid-root MuiGrid-item MuiGrid-grid-xs-6"
      >
        <div
          className="MuiToggleButtonGroup-root"
          role="group"
        >
          <button
            aria-pressed={true}
            className="MuiButtonBase-root MuiToggleButton-root MuiToggleButtonGroup-grouped makeStyles-toggleButton-9 MuiToggleButtonGroup-groupedSizeSmall Mui-selected MuiToggleButton-sizeSmall"
            disabled={false}
            onBlur={[Function]}
            onChange={[Function]}
            onClick={[Function]}
            onDragLeave={[Function]}
            onFocus={[Function]}
            onKeyDown={[Function]}
            onKeyUp={[Function]}
            onMouseDown={[Function]}
            onMouseLeave={[Function]}
            onMouseUp={[Function]}
            onTouchEnd={[Function]}
            onTouchMove={[Function]}
            onTouchStart={[Function]}
            tabIndex={0}
            type="button"
            value="MON"
          >
            <span
              className="MuiToggleButton-label"
            >
              <span
                className="MuiTypography-root MuiTypography-caption"
              >
                Mon
              </span>
            </span>
          </button>
          <button
            aria-pressed={false}
            className="MuiButtonBase-root MuiToggleButton-root MuiToggleButtonGroup-grouped makeStyles-toggleButton-9 MuiToggleButtonGroup-groupedSizeSmall MuiToggleButton-sizeSmall"
            disabled={false}
            onBlur={[Function]}
            onChange={[Function]}
            onClick={[Function]}
            onDragLeave={[Function]}
            onFocus={[Function]}
            onKeyDown={[Function]}
            onKeyUp={[Function]}
            onMouseDown={[Function]}
            onMouseLeave={[Function]}
            onMouseUp={[Function]}
            onTouchEnd={[Function]}
            onTouchMove={[Function]}
            onTouchStart={[Function]}
            tabIndex={0}
            type="button"
            value="TUE"
          >
            <span
              className="MuiToggleButton-label"
            >
              <span
                className="MuiTypography-root MuiTypography-caption"
              >
                Tue
              </span>
            </span>
          </button>
          <button
            aria-pressed={true}
            className="MuiButtonBase-root MuiToggleButton-root MuiToggleButtonGroup-grouped makeStyles-toggleButton-9 MuiToggleButtonGroup-groupedSizeSmall Mui-selected MuiToggleButton-sizeSmall"
            disabled={false}
            onBlur={[Function]}
            onChange={[Function]}
            onClick={[Function]}
            onDragLeave={[Function]}
            onFocus={[Function]}
            onKeyDown={[Function]}
            onKeyUp={[Function]}
            onMouseDown={[Function]}
            onMouseLeave={[Function]}
            onMouseUp={[Function]}
            onTouchEnd={[Function]}
            onTouchMove={[Function]}
            onTouchStart={[Function]}
            tabIndex={0}
            type="button"
            value="WED"
          >
            <span
              className="MuiToggleButton-label"
            >
              <span
                className="MuiTypography-root MuiTypography-caption"
              >
                Wed
              </span>
            </span>
          </button>
          <button
            aria-pressed={false}
            className="MuiButtonBase-root MuiToggleButton-root MuiToggleButtonGroup-grouped makeStyles-toggleButton-9 MuiToggleButtonGroup-groupedSizeSmall MuiToggleButton-sizeSmall"
            disabled={false}
            onBlur={[Function]}
            onChange={[Function]}
            onClick={[Function]}
            onDragLeave={[Function]}
            onFocus={[Function]}
            onKeyDown={[Function]}
            onKeyUp={[Function]}
            onMouseDown={[Function]}
            onMouseLeave={[Function]}
            onMouseUp={[Function]}
            onTouchEnd={[Function]}
            onTouchMove={[Function]}
            onTouchStart={[Function]}
            tabIndex={0}
            type="button"
            value="THU"
          >
            <span
              className="MuiToggleButton-label"
            >
              <span
                className="MuiTypography-root MuiTypography-caption"
              >
                Thu
              </span>
            </span>
          </button>
          <button
            aria-pressed={false}
            className="MuiButtonBase-root MuiToggleButton-root MuiToggleButtonGroup-grouped makeStyles-toggleButton-9 MuiToggleButtonGroup-groupedSizeSmall MuiToggleButton-sizeSmall"
            disabled={false}
            onBlur={[Function]}
            onChange={[Function]}
            onClick={[Function]}
            onDragLeave={[Function]}
            onFocus={[Function]}
            onKeyDown={[Function]}
            onKeyUp={[Function]}
            onMouseDown={[Function]}
            onMouseLeave={[Function]}
            onMouseUp={[Function]}
            onTouchEnd={[Function]}
            onTouchMove={[Function]}
            onTouchStart={[Function]}
            tabIndex={0}
            type="button"
            value="FRI"
          >
            <span
              className="MuiToggleButton-label"
            >
              <span
                className="MuiTypography-root MuiTypography-caption"
              >
                Fri
              </span>
            </span>
          </button>
          <button
            aria-pressed={false}
            className="MuiButtonBase-root MuiToggleButton-root MuiToggleButtonGroup-grouped makeStyles-toggleButton-9 MuiToggleButtonGroup-groupedSizeSmall MuiToggleButton-sizeSmall"
            disabled={false}
            onBlur={[Function]}
            onChange={[Function]}
            onClick={[Function]}
            onDragLeave={[Function]}
            onFocus={[Function]}
            onKeyDown={[Function]}
            onKeyUp={[Function]}
            onMouseDown={[Function]}
            onMouseLeave={[Function]}
            onMouseUp={[Function]}
            onTouchEnd={[Function]}
            onTouchMove={[Function]}
            onTouchStart={[Function]}
            tabIndex={0}
            type="button"
            value="SAT"
          >
            <span
              className="MuiToggleButton-label"
            >
              <span
                className="MuiTypography-root MuiTypography-caption"
              >
                Sat
              </span>
            </span>
          </button>
          <button
            aria-pressed={false}
            className="MuiButtonBase-root MuiToggleButton-root MuiToggleButtonGroup-grouped makeStyles-toggleButton-9 MuiToggleButtonGroup-groupedSizeSmall MuiToggleButton-sizeSmall"
            disabled={false}
            onBlur={[Function]}
            onChange={[Function]}
            onClick={[Function]}
            onDragLeave={[Function]}
            onFocus={[Function]}
            onKeyDown={[Function]}
            onKeyUp={[Function]}
            onMouseDown={[Function]}
            onMouseLeave={[Function]}
            onMouseUp={[Function]}
            onTouchEnd={[Function]}
            onTouchMove={[Function]}
            onTouchStart={[Function]}
            tabIndex={0}
            type="button"
            value="SUN"
          >
            <span
              className="MuiToggleButton-label"
            >
              <span
                className="MuiTypography-root MuiTypography-caption"
              >
                Sun
              </span>
            </span>
          </button>
        </div>
      </div>
      <div
        className="MuiGrid-root MuiGrid-item MuiGrid-grid-xs-12"
      >
        <hr
          className="MuiDivider-root makeStyles-divider-10"
        />
      </div>
    </div>
    <button
      aria-label="add"
      className="MuiButtonBase-root MuiFab-root makeStyles-deleteButton-7 MuiFab-sizeSmall MuiFab-secondary"
      disabled={false}
      onBlur={[Function]}
      onDragLeave={[Function]}
      onFocus={[Function]}
      onKeyDown={[Function]}
      onKeyUp={[Function]}
      onMouseDown={[Function]}
      onMouseLeave={[Function]}
      onMouseUp={[Function]}
      onTouchEnd={[Function]}
      onTouchMove={[Function]}
      onTouchStart={[Function]}
      tabIndex={0}
      type="button"
    >
      <span
        className="MuiFab-label"
      >
        <svg
          aria-hidden="true"
          className="MuiSvgIcon-root"
          focusable="false"
          role="presentation"
          viewBox="0 0 24 24"
        >
          <path
            d="M6 19c0 1.1.9 2 2 2h8c1.1 0 2-.9 2-2V7H6v12zM19 4h-3.5l-1-1h-5l-1 1H5v2h14V4z"
          />
        </svg>
      </span>
    </button>
  </div>,
  <div
    className="makeStyles-wrapper-5"
  >
    <div
      className="MuiGrid-root MuiGrid-container MuiGrid-spacing-xs-2"
    >
      <div
        className="MuiGrid-root MuiGrid-item MuiGrid-grid-xs-8"
      >
        <div
          className="MuiFormControl-root MuiTextField-root"
          format="hh:mm a"
          onClick={[Function]}
          onKeyDown={[Function]}
        >
          <label
            className="MuiFormLabel-root MuiInputLabel-root MuiInputLabel-formControl MuiInputLabel-animated MuiInputLabel-shrink MuiInputLabel-outlined MuiFormLabel-filled"
            data-shrink={true}
          >
            From
          </label>
          <div
            className="MuiInputBase-root MuiOutlinedInput-root MuiInputBase-formControl"
            onClick={[Function]}
          >
            <input
              aria-invalid={false}
              autoFocus={false}
              className="MuiInputBase-input MuiOutlinedInput-input"
              disabled={false}
              onAnimationStart={[Function]}
              onBlur={[Function]}
              onChange={[Function]}
              onFocus={[Function]}
              readOnly={true}
              required={false}
              type="text"
              value="06:00 PM"
            />
            <fieldset
              aria-hidden={true}
              className="PrivateNotchedOutline-root-175 MuiOutlinedInput-notchedOutline"
              style={
                Object {
                  "paddingLeft": 8,
                }
              }
            >
              <legend
                className="PrivateNotchedOutline-legend-176"
                style={
                  Object {
                    "width": 0,
                  }
                }
              >
                <span
                  dangerouslySetInnerHTML={
                    Object {
                      "__html": "&#8203;",
                    }
                  }
                />
              </legend>
            </fieldset>
          </div>
          
        </div>
      </div>
      <div
        className="MuiGrid-root MuiGrid-item MuiGrid-grid-xs-8"
      >
        <div
          className="MuiFormControl-root MuiTextField-root"
          format="hh:mm a"
          onClick={[Function]}
          onKeyDown={[Function]}
        >
          <label
            className="MuiFormLabel-root MuiInputLabel-root MuiInputLabel-formControl MuiInputLabel-animated MuiInputLabel-shrink MuiInputLabel-outlined MuiFormLabel-filled"
            data-shrink={true}
          >
            To
          </label>
          <div
            className="MuiInputBase-root MuiOutlinedInput-root MuiInputBase-formControl"
            onClick={[Function]}
          >
            <input
              aria-invalid={false}
              autoFocus={false}
              className="MuiInputBase-input MuiOutlinedInput-input"
              disabled={false}
              onAnimationStart={[Function]}
              onBlur={[Function]}
              onChange={[Function]}
              onFocus={[Function]}
              readOnly={true}
              required={false}
              type="text"
              value="08:00 PM"
            />
            <fieldset
              aria-hidden={true}
              className="PrivateNotchedOutline-root-175 MuiOutlinedInput-notchedOutline"
              style={
                Object {
                  "paddingLeft": 8,
                }
              }
            >
              <legend
                className="PrivateNotchedOutline-legend-176"
                style={
                  Object {
                    "width": 0,
                  }
                }
              >
                <span
                  dangerouslySetInnerHTML={
                    Object {
                      "__html": "&#8203;",
                    }
                  }
                />
              </legend>
            </fieldset>
          </div>
          
        </div>
      </div>
      <div
        className="MuiGrid-root MuiGrid-item MuiGrid-grid-xs-6"
      >
        <div
          className="MuiToggleButtonGroup-root"
          role="group"
        >
          <button
            aria-pressed={false}
            className="MuiButtonBase-root MuiToggleButton-root MuiToggleButtonGroup-grouped makeStyles-toggleButton-9 MuiToggleButtonGroup-groupedSizeSmall MuiToggleButton-sizeSmall"
            disabled={false}
            onBlur={[Function]}
            onChange={[Function]}
            onClick={[Function]}
            onDragLeave={[Function]}
            onFocus={[Function]}
            onKeyDown={[Function]}
            onKeyUp={[Function]}
            onMouseDown={[Function]}
            onMouseLeave={[Function]}
            onMouseUp={[Function]}
            onTouchEnd={[Function]}
            onTouchMove={[Function]}
            onTouchStart={[Function]}
            tabIndex={0}
            type="button"
            value="MON"
          >
            <span
              className="MuiToggleButton-label"
            >
              <span
                className="MuiTypography-root MuiTypography-caption"
              >
                Mon
              </span>
            </span>
          </button>
          <button
            aria-pressed={false}
            className="MuiButtonBase-root MuiToggleButton-root MuiToggleButtonGroup-grouped makeStyles-toggleButton-9 MuiToggleButtonGroup-groupedSizeSmall MuiToggleButton-sizeSmall"
            disabled={false}
            onBlur={[Function]}
            onChange={[Function]}
            onClick={[Function]}
            onDragLeave={[Function]}
            onFocus={[Function]}
            onKeyDown={[Function]}
            onKeyUp={[Function]}
            onMouseDown={[Function]}
            onMouseLeave={[Function]}
            onMouseUp={[Function]}
            onTouchEnd={[Function]}
            onTouchMove={[Function]}
            onTouchStart={[Function]}
            tabIndex={0}
            type="button"
            value="TUE"
          >
            <span
              className="MuiToggleButton-label"
            >
              <span
                className="MuiTypography-root MuiTypography-caption"
              >
                Tue
              </span>
            </span>
          </button>
          <button
            aria-pressed={false}
            className="MuiButtonBase-root MuiToggleButton-root MuiToggleButtonGroup-grouped makeStyles-toggleButton-9 MuiToggleButtonGroup-groupedSizeSmall MuiToggleButton-sizeSmall"
            disabled={false}
            onBlur={[Function]}
            onChange={[Function]}
            onClick={[Function]}
            onDragLeave={[Function]}
            onFocus={[Function]}
            onKeyDown={[Function]}
            onKeyUp={[Function]}
            onMouseDown={[Function]}
            onMouseLeave={[Function]}
            onMouseUp={[Function]}
            onTouchEnd={[Function]}
            onTouchMove={[Function]}
            onTouchStart={[Function]}
            tabIndex={0}
            type="button"
            value="WED"
          >
            <span
              className="MuiToggleButton-label"
            >
              <span
                className="MuiTypography-root MuiTypography-caption"
              >
                Wed
              </span>
            </span>
          </button>
          <button
            aria-pressed={true}
            className="MuiButtonBase-root MuiToggleButton-root MuiToggleButtonGroup-grouped makeStyles-toggleButton-9 MuiToggleButtonGroup-groupedSizeSmall Mui-selected MuiToggleButton-sizeSmall"
            disabled={false}
            onBlur={[Function]}
            onChange={[Function]}
            onClick={[Function]}
            onDragLeave={[Function]}
            onFocus={[Function]}
            onKeyDown={[Function]}
            onKeyUp={[Function]}
            onMouseDown={[Function]}
            onMouseLeave={[Function]}
            onMouseUp={[Function]}
            onTouchEnd={[Function]}
            onTouchMove={[Function]}
            onTouchStart={[Function]}
            tabIndex={0}
            type="button"
            value="THU"
          >
            <span
              className="MuiToggleButton-label"
            >
              <span
                className="MuiTypography-root MuiTypography-caption"
              >
                Thu
              </span>
            </span>
          </button>
          <button
            aria-pressed={true}
            className="MuiButtonBase-root MuiToggleButton-root MuiToggleButtonGroup-grouped makeStyles-toggleButton-9 MuiToggleButtonGroup-groupedSizeSmall Mui-selected MuiToggleButton-sizeSmall"
            disabled={false}
            onBlur={[Function]}
            onChange={[Function]}
            onClick={[Function]}
            onDragLeave={[Function]}
            onFocus={[Function]}
            onKeyDown={[Function]}
            onKeyUp={[Function]}
            onMouseDown={[Function]}
            onMouseLeave={[Function]}
            onMouseUp={[Function]}
            onTouchEnd={[Function]}
            onTouchMove={[Function]}
            onTouchStart={[Function]}
            tabIndex={0}
            type="button"
            value="FRI"
          >
            <span
              className="MuiToggleButton-label"
            >
              <span
                className="MuiTypography-root MuiTypography-caption"
              >
                Fri
              </span>
            </span>
          </button>
          <button
            aria-pressed={true}
            className="MuiButtonBase-root MuiToggleButton-root MuiToggleButtonGroup-grouped makeStyles-toggleButton-9 MuiToggleButtonGroup-groupedSizeSmall Mui-selected MuiToggleButton-sizeSmall"
            disabled={false}
            onBlur={[Function]}
            onChange={[Function]}
            onClick={[Function]}
            onDragLeave={[Function]}
            onFocus={[Function]}
            onKeyDown={[Function]}
            onKeyUp={[Function]}
            onMouseDown={[Function]}
            onMouseLeave={[Function]}
            onMouseUp={[Function]}
            onTouchEnd={[Function]}
            onTouchMove={[Function]}
            onTouchStart={[Function]}
            tabIndex={0}
            type="button"
            value="SAT"
          >
            <span
              className="MuiToggleButton-label"
            >
              <span
                className="MuiTypography-root MuiTypography-caption"
              >
                Sat
              </span>
            </span>
          </button>
          <button
            aria-pressed={false}
            className="MuiButtonBase-root MuiToggleButton-root MuiToggleButtonGroup-grouped makeStyles-toggleButton-9 MuiToggleButtonGroup-groupedSizeSmall MuiToggleButton-sizeSmall"
            disabled={false}
            onBlur={[Function]}
            onChange={[Function]}
            onClick={[Function]}
            onDragLeave={[Function]}
            onFocus={[Function]}
            onKeyDown={[Function]}
            onKeyUp={[Function]}
            onMouseDown={[Function]}
            onMouseLeave={[Function]}
            onMouseUp={[Function]}
            onTouchEnd={[Function]}
            onTouchMove={[Function]}
            onTouchStart={[Function]}
            tabIndex={0}
            type="button"
            value="SUN"
          >
            <span
              className="MuiToggleButton-label"
            >
              <span
                className="MuiTypography-root MuiTypography-caption"
              >
                Sun
              </span>
            </span>
          </button>
        </div>
      </div>
      <div
        className="MuiGrid-root MuiGrid-item MuiGrid-grid-xs-12"
      >
        <hr
          className="MuiDivider-root makeStyles-divider-10"
        />
      </div>
    </div>
    <button
      aria-label="add"
      className="MuiButtonBase-root MuiFab-root makeStyles-deleteButton-7 MuiFab-sizeSmall MuiFab-secondary"
      disabled={false}
      onBlur={[Function]}
      onDragLeave={[Function]}
      onFocus={[Function]}
      onKeyDown={[Function]}
      onKeyUp={[Function]}
      onMouseDown={[Function]}
      onMouseLeave={[Function]}
      onMouseUp={[Function]}
      onTouchEnd={[Function]}
      onTouchMove={[Function]}
      onTouchStart={[Function]}
      tabIndex={0}
      type="button"
    >
      <span
        className="MuiFab-label"
      >
        <svg
          aria-hidden="true"
          className="MuiSvgIcon-root"
          focusable="false"
          role="presentation"
          viewBox="0 0 24 24"
        >
          <path
            d="M6 19c0 1.1.9 2 2 2h8c1.1 0 2-.9 2-2V7H6v12zM19 4h-3.5l-1-1h-5l-1 1H5v2h14V4z"
          />
        </svg>
      </span>
    </button>
  </div>,
]
`;
